Checking and applying pending database migrations...

[4mSequelize CLI [Node: 22.18.0, CLI: 6.6.2, ORM: 6.37.8][24m

Loaded configuration file "src\config\sequelize-cli.js".
Using environment "development".
No migrations were executed, database schema was already up to date.
Database migrations are up to date
Database connection established
Toilet QR bootstrap completed: total=10 generated=0 skipped=10 failed=0
Server is running on port 5000
[6ad34fbc-c5ff-491f-bf84-9fe3914ea972] POST /api/v1/auth/refresh -> 200 350ms tenant=platform user=anonymous
[9424a256-fe29-4599-88ba-80e3f3eddf64] GET /api/v1/tasks/my?limit=50 -> 200 602ms tenant=9e417b55-663f-4ee0-ba39-2a64c1a8db79 user=0bd3fced-f106-4009-9646-7594d7afd3fb
[fd9168e9-921f-4579-ae73-83acddd53244] GET /api/v1/notifications/my?limit=5 -> 200 1167ms tenant=9e417b55-663f-4ee0-ba39-2a64c1a8db79 user=0bd3fced-f106-4009-9646-7594d7afd3fb
[1416b28e-19c6-4f7a-a43f-c4dd74e3b393] OPTIONS /api/v1/dashboard/overview -> 204 1ms tenant=platform user=anonymous
[50f4abd5-63d9-47ac-8ffb-97f9e232b121] OPTIONS /api/v1/inspections?page=1&limit=8 -> 204 1ms tenant=platform user=anonymous
[f9a3adb8-7e4d-49b4-8028-88003f9fd328] OPTIONS /api/v1/dashboard/trends -> 204 0ms tenant=platform user=anonymous
[2c1d3672-71c8-4b6d-a03c-a82bcc5cece4] OPTIONS /api/v1/dashboard/alerts?page=1&limit=8 -> 204 1ms tenant=platform user=anonymous
[515c74cd-cb55-4a47-97f6-9ef7b5ea3151] GET /api/v1/dashboard/alerts?page=1&limit=8 -> 200 1092ms tenant=9e417b55-663f-4ee0-ba39-2a64c1a8db79 user=c11efc78-2802-413f-b815-948c96c079a1
[5d79a9a2-b167-4fb7-8e85-80ba6ab39743] GET /api/v1/inspections?page=1&limit=8 -> 200 1604ms tenant=9e417b55-663f-4ee0-ba39-2a64c1a8db79 user=c11efc78-2802-413f-b815-948c96c079a1
[97c03f7f-d9a5-4ea7-8cc8-3c8949860cf9] GET /api/v1/dashboard/overview -> 200 1665ms tenant=9e417b55-663f-4ee0-ba39-2a64c1a8db79 user=c11efc78-2802-413f-b815-948c96c079a1
[12033560-670b-4ecc-bf2b-4ff83a1f2251] GET /api/v1/dashboard/trends -> 200 1775ms tenant=9e417b55-663f-4ee0-ba39-2a64c1a8db79 user=c11efc78-2802-413f-b815-948c96c079a1
[29588106-0589-48db-95fb-49b5600cb6ae] POST /api/v1/auth/login -> 200 578ms tenant=platform user=anonymous
[85916dd9-3b07-4d16-b0fc-2f47afa29603] POST /api/v1/auth/login -> 200 589ms tenant=platform user=anonymous
[64b9b7c1-4f1f-447f-b8f2-afec69fe3d00] POST /api/v1/auth/login -> 200 454ms tenant=platform user=anonymous
[9c148ac4-86a4-4466-b40c-bb4716a4af2e] GET /api/v1/tasks?limit=10 -> 200 320ms tenant=b1111111-1111-4111-8111-111111111111 user=666f2a4c-2217-48d1-b6a2-12b2b7474ef0
[3778ecdf-5ee1-462c-97da-3550b24f082a] GET /api/v1/tasks/c689ee5a-b08f-4a64-adb6-399c3801ed2a -> 200 300ms tenant=b1111111-1111-4111-8111-111111111111 user=666f2a4c-2217-48d1-b6a2-12b2b7474ef0
[8982c98c-ab20-4d8a-a3cc-2853d20ee331] GET /api/v1/tasks?limit=10 -> 200 387ms tenant=b1111111-1111-4111-8111-111111111111 user=81c852be-711a-4d51-af5b-6434ff81fdc7
[70b5a7e7-adcb-407f-93de-03236ce69ff0] GET /api/v1/tasks/c689ee5a-b08f-4a64-adb6-399c3801ed2a -> 200 352ms tenant=b1111111-1111-4111-8111-111111111111 user=81c852be-711a-4d51-af5b-6434ff81fdc7
[37cd6629-1b19-446d-9a97-f1a0c98b8043] GET /api/v1/tasks?limit=10 -> 200 312ms tenant=b1111111-1111-4111-8111-111111111111 user=9702f3cd-fd9c-4c7c-9be8-8c798136d7d3
[d045e2da-b28e-49b6-92ef-d7e373ed9fb4] GET /api/v1/tasks/c689ee5a-b08f-4a64-adb6-399c3801ed2a -> 200 291ms tenant=b1111111-1111-4111-8111-111111111111 user=9702f3cd-fd9c-4c7c-9be8-8c798136d7d3
[e57fd5d0-1676-40dd-a965-76508cb7276a] OPTIONS /api/v1/dashboard/overview -> 204 1ms tenant=platform user=anonymous
[8abcea38-c4f5-420f-b641-ed1297dd60b4] OPTIONS /api/v1/dashboard/trends -> 204 0ms tenant=platform user=anonymous
[d8dd89cb-e469-4a80-9b8e-f163433c7553] OPTIONS /api/v1/dashboard/alerts?page=1&limit=8 -> 204 0ms tenant=platform user=anonymous
[12788f61-7e6f-436a-9854-e168373ad5cd] OPTIONS /api/v1/inspections?page=1&limit=8 -> 204 1ms tenant=platform user=anonymous
[0a3d6a39-eba1-413f-9dc9-0c06be6a3b27] GET /api/v1/inspections?page=1&limit=8 -> 200 990ms tenant=9e417b55-663f-4ee0-ba39-2a64c1a8db79 user=c11efc78-2802-413f-b815-948c96c079a1
[89fe42f7-4713-4e2e-900a-0e54f82eeaea] GET /api/v1/dashboard/trends -> 200 1088ms tenant=9e417b55-663f-4ee0-ba39-2a64c1a8db79 user=c11efc78-2802-413f-b815-948c96c079a1
[34a3e60f-2af4-4bee-867d-982d216f9854] GET /api/v1/dashboard/alerts?page=1&limit=8 -> 200 1110ms tenant=9e417b55-663f-4ee0-ba39-2a64c1a8db79 user=c11efc78-2802-413f-b815-948c96c079a1
[8c132563-cef6-4dd0-97ec-dedbfced0251] GET /api/v1/dashboard/overview -> 200 1556ms tenant=9e417b55-663f-4ee0-ba39-2a64c1a8db79 user=c11efc78-2802-413f-b815-948c96c079a1
[3c736d12-7431-4b56-9b46-661df257950e] OPTIONS /api/v1/dashboard/overview -> 204 1ms tenant=platform user=anonymous
[a697bf23-44f2-442b-bdde-8ae7fb3caef1] OPTIONS /api/v1/dashboard/trends -> 204 1ms tenant=platform user=anonymous
[3c0412a4-5b17-4e42-9509-278a9dc1bb31] OPTIONS /api/v1/dashboard/alerts?page=1&limit=8 -> 204 1ms tenant=platform user=anonymous
[21d5de13-50f9-4984-a633-591b243a90a2] OPTIONS /api/v1/inspections?page=1&limit=8 -> 204 1ms tenant=platform user=anonymous
[74097e68-f8b1-4d6d-a85c-117cbbd575e0] GET /api/v1/dashboard/alerts?page=1&limit=8 -> 200 1540ms tenant=9e417b55-663f-4ee0-ba39-2a64c1a8db79 user=c11efc78-2802-413f-b815-948c96c079a1
[9cfdb318-e5ee-494f-9f24-658ec6289900] GET /api/v1/dashboard/overview -> 200 1851ms tenant=9e417b55-663f-4ee0-ba39-2a64c1a8db79 user=c11efc78-2802-413f-b815-948c96c079a1
[4f2ac593-b4d1-4df8-9d9e-1a090b690df2] GET /api/v1/inspections?page=1&limit=8 -> 200 1817ms tenant=9e417b55-663f-4ee0-ba39-2a64c1a8db79 user=c11efc78-2802-413f-b815-948c96c079a1
[400d7e4c-c218-4234-b690-844374f4c21a] GET /api/v1/dashboard/trends -> 200 1911ms tenant=9e417b55-663f-4ee0-ba39-2a64c1a8db79 user=c11efc78-2802-413f-b815-948c96c079a1
[fb8cf8bb-86ae-4889-b667-cbff497762d8] GET /api/v1/me -> 200 333ms tenant=9e417b55-663f-4ee0-ba39-2a64c1a8db79 user=0bd3fced-f106-4009-9646-7594d7afd3fb
[f50f2fa6-e50b-4e0e-92fd-153657c28c13] GET /api/v1/tasks/my?limit=50 -> 200 554ms tenant=9e417b55-663f-4ee0-ba39-2a64c1a8db79 user=0bd3fced-f106-4009-9646-7594d7afd3fb
[eb29ebe3-aa16-41d5-ba0b-12565bdf8bf8] GET /api/v1/notifications/my?limit=5 -> 200 1126ms tenant=9e417b55-663f-4ee0-ba39-2a64c1a8db79 user=0bd3fced-f106-4009-9646-7594d7afd3fb
[fbe3eaf9-2ec7-4d98-8d78-8a0c1f3a0ce6] GET /api/v1/tasks/my?limit=50 -> 200 589ms tenant=9e417b55-663f-4ee0-ba39-2a64c1a8db79 user=0bd3fced-f106-4009-9646-7594d7afd3fb
[08cf273f-dfbf-465e-9029-9573a96c83f4] GET /api/v1/notifications/my?limit=5 -> 200 2911ms tenant=9e417b55-663f-4ee0-ba39-2a64c1a8db79 user=0bd3fced-f106-4009-9646-7594d7afd3fb
[131431a1-cae6-4b78-8d6d-238679ee5c6b] OPTIONS /api/v1/dashboard/overview -> 204 1ms tenant=platform user=anonymous
[99a74cf7-214c-4f27-9671-e47a77edf13d] OPTIONS /api/v1/dashboard/trends -> 204 1ms tenant=platform user=anonymous
[917d677f-c8ac-49ea-99c0-ac81f6a478c0] OPTIONS /api/v1/dashboard/alerts?page=1&limit=8 -> 204 1ms tenant=platform user=anonymous
[5103616b-6537-44a0-b257-4dc4e5295fb7] OPTIONS /api/v1/inspections?page=1&limit=8 -> 204 1ms tenant=platform user=anonymous
[92def58c-ad3f-462a-a1f6-81568e9d2d4b] GET /api/v1/inspections?page=1&limit=8 -> 200 5015ms tenant=9e417b55-663f-4ee0-ba39-2a64c1a8db79 user=c11efc78-2802-413f-b815-948c96c079a1
[983914ab-1e95-452b-a95f-e35170f31052] GET /api/v1/dashboard/alerts?page=1&limit=8 -> 200 5132ms tenant=9e417b55-663f-4ee0-ba39-2a64c1a8db79 user=c11efc78-2802-413f-b815-948c96c079a1
[081aa145-e133-4d3f-858e-7eedbbf1af88] GET /api/v1/dashboard/overview -> 200 5690ms tenant=9e417b55-663f-4ee0-ba39-2a64c1a8db79 user=c11efc78-2802-413f-b815-948c96c079a1
[d91f9704-771c-45b5-a928-dd831d2ed766] GET /api/v1/dashboard/trends -> 200 5869ms tenant=9e417b55-663f-4ee0-ba39-2a64c1a8db79 user=c11efc78-2802-413f-b815-948c96c079a1
[a95f8964-c0c6-49f7-b2d1-87c78360df6a] OPTIONS /api/v1/dashboard/overview -> 204 1ms tenant=platform user=anonymous
[785ce180-e809-4cd1-8fbc-229c2005bf6c] OPTIONS /api/v1/dashboard/trends -> 204 1ms tenant=platform user=anonymous
[6417014b-40d8-4c8f-8460-2434d764c008] OPTIONS /api/v1/dashboard/alerts?page=1&limit=8 -> 204 1ms tenant=platform user=anonymous
[b905e925-1428-4f0b-bb49-71adc68a8840] OPTIONS /api/v1/inspections?page=1&limit=8 -> 204 1ms tenant=platform user=anonymous
[da25827f-cdcf-4739-a634-1bef28be1c3c] GET /api/v1/inspections?page=1&limit=8 -> 200 933ms tenant=9e417b55-663f-4ee0-ba39-2a64c1a8db79 user=c11efc78-2802-413f-b815-948c96c079a1
[0d564db1-2342-4945-8265-d06ea77fe8d1] GET /api/v1/dashboard/overview -> 200 1145ms tenant=9e417b55-663f-4ee0-ba39-2a64c1a8db79 user=c11efc78-2802-413f-b815-948c96c079a1
[f9891ea8-398f-4cef-adc9-69a47c93db8c] GET /api/v1/dashboard/alerts?page=1&limit=8 -> 200 1088ms tenant=9e417b55-663f-4ee0-ba39-2a64c1a8db79 user=c11efc78-2802-413f-b815-948c96c079a1
[4d9a6da6-de36-4c4e-8c91-921c472a69d8] GET /api/v1/dashboard/trends -> 200 1482ms tenant=9e417b55-663f-4ee0-ba39-2a64c1a8db79 user=c11efc78-2802-413f-b815-948c96c079a1
[486442fe-2fdf-409b-8f97-e6b694f53ded] OPTIONS /api/v1/dashboard/overview -> 204 0ms tenant=platform user=anonymous
[4dd71583-9b3a-43de-98bd-f38d8beacc1d] OPTIONS /api/v1/dashboard/trends -> 204 1ms tenant=platform user=anonymous
[25f7b752-c388-45bb-848a-e9cf1ea5a1bf] OPTIONS /api/v1/dashboard/alerts?page=1&limit=8 -> 204 0ms tenant=platform user=anonymous
[78013a95-6911-44fb-92df-d3c9fed4c9c0] OPTIONS /api/v1/inspections?page=1&limit=8 -> 204 1ms tenant=platform user=anonymous
[6b01253c-a60f-4e76-9abb-2db6b9bb8d37] GET /api/v1/inspections?page=1&limit=8 -> 200 1561ms tenant=9e417b55-663f-4ee0-ba39-2a64c1a8db79 user=c11efc78-2802-413f-b815-948c96c079a1
[e16b22c5-d92e-442f-85a4-6c9bf4e7c438] GET /api/v1/dashboard/overview -> 200 1582ms tenant=9e417b55-663f-4ee0-ba39-2a64c1a8db79 user=c11efc78-2802-413f-b815-948c96c079a1
[81620bfa-4a4e-4706-87b5-1e534686bc30] GET /api/v1/dashboard/alerts?page=1&limit=8 -> 200 1790ms tenant=9e417b55-663f-4ee0-ba39-2a64c1a8db79 user=c11efc78-2802-413f-b815-948c96c079a1
[f77392bb-88e3-482c-a86b-e65443c8e872] GET /api/v1/dashboard/trends -> 200 1948ms tenant=9e417b55-663f-4ee0-ba39-2a64c1a8db79 user=c11efc78-2802-413f-b815-948c96c079a1
[e3cab8a2-fdb6-4521-8b97-4a4aa1a6d609] OPTIONS /api/v1/dashboard/overview -> 204 1ms tenant=platform user=anonymous
[208e7a3e-958d-4701-9f96-c5f07122b1df] OPTIONS /api/v1/dashboard/alerts?page=1&limit=8 -> 204 1ms tenant=platform user=anonymous
[5c1a318d-a877-4a38-ad48-04d4b7d5ed37] OPTIONS /api/v1/dashboard/trends -> 204 1ms tenant=platform user=anonymous
[95255ffa-846f-4873-80db-d92ca1a9dbb4] OPTIONS /api/v1/inspections?page=1&limit=8 -> 204 1ms tenant=platform user=anonymous
[6d863006-5221-43c8-8cb4-a3d68f726354] GET /api/v1/inspections?page=1&limit=8 -> 200 1043ms tenant=9e417b55-663f-4ee0-ba39-2a64c1a8db79 user=c11efc78-2802-413f-b815-948c96c079a1
[34e0bc9e-4383-4a62-bffc-c84c3dfa8d24] GET /api/v1/dashboard/overview -> 200 1198ms tenant=9e417b55-663f-4ee0-ba39-2a64c1a8db79 user=c11efc78-2802-413f-b815-948c96c079a1
[5a1a6c80-617e-4b4a-9c1d-b81f5507a819] GET /api/v1/dashboard/alerts?page=1&limit=8 -> 200 1278ms tenant=9e417b55-663f-4ee0-ba39-2a64c1a8db79 user=c11efc78-2802-413f-b815-948c96c079a1
[91b74a6c-ac3e-4cc9-9479-bed7a7762a7b] GET /api/v1/dashboard/trends -> 200 1559ms tenant=9e417b55-663f-4ee0-ba39-2a64c1a8db79 user=c11efc78-2802-413f-b815-948c96c079a1
[97655bb4-a7d4-4a2b-ae27-5457cca88403] OPTIONS /api/v1/dashboard/overview -> 204 0ms tenant=platform user=anonymous
[1dd8c03f-c797-43e6-a8b8-8c5fbb374303] OPTIONS /api/v1/dashboard/trends -> 204 0ms tenant=platform user=anonymous
[b19fd0bb-0d83-4296-a8f8-399e42bbe306] OPTIONS /api/v1/dashboard/alerts?page=1&limit=8 -> 204 1ms tenant=platform user=anonymous
[3acb99a6-1d66-4e23-9c08-a733e62146dc] OPTIONS /api/v1/inspections?page=1&limit=8 -> 204 0ms tenant=platform user=anonymous
[b996d7b0-540a-420f-b020-740a924c6c56] GET /api/v1/inspections?page=1&limit=8 -> 200 3541ms tenant=9e417b55-663f-4ee0-ba39-2a64c1a8db79 user=c11efc78-2802-413f-b815-948c96c079a1
[140b8cc7-76ae-4160-92c5-c66bc9543967] GET /api/v1/dashboard/trends -> 200 4153ms tenant=9e417b55-663f-4ee0-ba39-2a64c1a8db79 user=c11efc78-2802-413f-b815-948c96c079a1
[770a691c-d2fb-4419-8407-730c4fd96def] GET /api/v1/dashboard/alerts?page=1&limit=8 -> 200 4183ms tenant=9e417b55-663f-4ee0-ba39-2a64c1a8db79 user=c11efc78-2802-413f-b815-948c96c079a1
[04ec0ed5-71b3-415c-ab4d-313deb6776b9] GET /api/v1/dashboard/overview -> 200 5739ms tenant=9e417b55-663f-4ee0-ba39-2a64c1a8db79 user=c11efc78-2802-413f-b815-948c96c079a1
[5d6f7f7b-506b-45c4-bbf7-aa6c413b74f7] OPTIONS /api/v1/dashboard/overview -> 204 0ms tenant=platform user=anonymous
[e1b3bca8-6c8f-41d2-832b-fb129475709f] OPTIONS /api/v1/dashboard/trends -> 204 0ms tenant=platform user=anonymous
[d320bca2-ff9d-4d0f-b7f5-0729b37d483e] OPTIONS /api/v1/dashboard/alerts?page=1&limit=8 -> 204 1ms tenant=platform user=anonymous
[3fe37f56-6374-4c1c-9ea6-52a5996812ab] OPTIONS /api/v1/inspections?page=1&limit=8 -> 204 0ms tenant=platform user=anonymous
[910b9b43-732a-4de8-ab04-7c314fb30337] GET /api/v1/dashboard/alerts?page=1&limit=8 -> 200 1341ms tenant=9e417b55-663f-4ee0-ba39-2a64c1a8db79 user=c11efc78-2802-413f-b815-948c96c079a1
[d9f6409f-0fc0-4a0f-b08f-18b002ae2bcc] GET /api/v1/inspections?page=1&limit=8 -> 200 1616ms tenant=9e417b55-663f-4ee0-ba39-2a64c1a8db79 user=c11efc78-2802-413f-b815-948c96c079a1
[9490f9a7-91c8-43d3-b418-bd7db60ba859] GET /api/v1/dashboard/overview -> 200 1749ms tenant=9e417b55-663f-4ee0-ba39-2a64c1a8db79 user=c11efc78-2802-413f-b815-948c96c079a1
[c36425af-775a-43d0-9f86-c7f7939e5b34] GET /api/v1/dashboard/trends -> 200 2139ms tenant=9e417b55-663f-4ee0-ba39-2a64c1a8db79 user=c11efc78-2802-413f-b815-948c96c079a1
[3878621d-5a63-44e3-9b2d-6e20bfdccacf] OPTIONS /api/v1/dashboard/overview -> 204 1ms tenant=platform user=anonymous
[4d2d1758-91bb-4827-bf56-a5c73d468dca] OPTIONS /api/v1/dashboard/trends -> 204 0ms tenant=platform user=anonymous
[d1a3d65f-13a9-4158-9357-dd455180d5b4] OPTIONS /api/v1/dashboard/alerts?page=1&limit=8 -> 204 0ms tenant=platform user=anonymous
[29434fd8-0e81-4b13-9758-685968c9942a] OPTIONS /api/v1/inspections?page=1&limit=8 -> 204 1ms tenant=platform user=anonymous
[2f822023-5f93-4ea1-af31-1588f4b5c090] GET /api/v1/dashboard/overview -> 200 1227ms tenant=9e417b55-663f-4ee0-ba39-2a64c1a8db79 user=c11efc78-2802-413f-b815-948c96c079a1
[89a1b732-7808-4120-bebc-7bd75564dd5b] GET /api/v1/inspections?page=1&limit=8 -> 200 1222ms tenant=9e417b55-663f-4ee0-ba39-2a64c1a8db79 user=c11efc78-2802-413f-b815-948c96c079a1
[8dc00648-ccf6-4bb9-aaba-bfa973814497] GET /api/v1/dashboard/alerts?page=1&limit=8 -> 200 1490ms tenant=9e417b55-663f-4ee0-ba39-2a64c1a8db79 user=c11efc78-2802-413f-b815-948c96c079a1
[d8174a14-6777-41da-b437-1e331108c86d] GET /api/v1/dashboard/trends -> 200 1493ms tenant=9e417b55-663f-4ee0-ba39-2a64c1a8db79 user=c11efc78-2802-413f-b815-948c96c079a1
[8b1bed49-bcd9-45ec-97a1-6d95659db13b] OPTIONS /api/v1/dashboard/overview -> 204 1ms tenant=platform user=anonymous
[9ea8891c-bba1-4c44-a76d-5a15c689e6f9] OPTIONS /api/v1/dashboard/trends -> 204 0ms tenant=platform user=anonymous
[b83267a9-d6f5-4a4c-90fc-6c29a15eb73c] OPTIONS /api/v1/dashboard/alerts?page=1&limit=8 -> 204 0ms tenant=platform user=anonymous
[1ecf9b35-fbcd-4da3-b7a7-066fd562130a] OPTIONS /api/v1/inspections?page=1&limit=8 -> 204 0ms tenant=platform user=anonymous
[878bf26d-823e-402d-b7df-f10a28b192fa] GET /api/v1/dashboard/overview -> 200 1397ms tenant=9e417b55-663f-4ee0-ba39-2a64c1a8db79 user=c11efc78-2802-413f-b815-948c96c079a1
[9907a3d2-154c-4ba5-89eb-f9de80b3ff2a] GET /api/v1/dashboard/trends -> 200 1483ms tenant=9e417b55-663f-4ee0-ba39-2a64c1a8db79 user=c11efc78-2802-413f-b815-948c96c079a1
[ec4389d6-ab19-4b2b-803d-6fedbde3519b] GET /api/v1/inspections?page=1&limit=8 -> 200 1499ms tenant=9e417b55-663f-4ee0-ba39-2a64c1a8db79 user=c11efc78-2802-413f-b815-948c96c079a1
[3b26d5eb-d305-4676-8df2-2253c5ad30ea] GET /api/v1/dashboard/alerts?page=1&limit=8 -> 200 2068ms tenant=9e417b55-663f-4ee0-ba39-2a64c1a8db79 user=c11efc78-2802-413f-b815-948c96c079a1
[f456c8c1-ff3e-4d0e-aade-8659a0c48c9c] OPTIONS /api/v1/dashboard/overview -> 204 1ms tenant=platform user=anonymous
[3e37b0c6-68ad-493d-8981-04482ee98117] OPTIONS /api/v1/dashboard/trends -> 204 0ms tenant=platform user=anonymous
[b363ef57-fd34-44af-9e4a-0a401bb9a655] OPTIONS /api/v1/dashboard/alerts?page=1&limit=8 -> 204 1ms tenant=platform user=anonymous
[016d5b2a-afce-4a8e-942c-8ebe5e494d96] OPTIONS /api/v1/inspections?page=1&limit=8 -> 204 0ms tenant=platform user=anonymous
[849dd80e-8158-47ae-a479-681a330451f3] OPTIONS /api/v1/auth/refresh -> 204 1ms tenant=platform user=anonymous
[73fd97f3-4060-43fd-94f9-8dc49b25f88b] POST /api/v1/auth/refresh -> 200 1149ms tenant=platform user=anonymous
[7c8d2ead-87e6-44d9-b46a-90953f08d8a3] GET /api/v1/inspections?page=1&limit=8 -> 200 1202ms tenant=9e417b55-663f-4ee0-ba39-2a64c1a8db79 user=c11efc78-2802-413f-b815-948c96c079a1
[fc3f8b10-4c5d-4566-bad8-dfabb7f1557f] GET /api/v1/dashboard/alerts?page=1&limit=8 -> 200 1375ms tenant=9e417b55-663f-4ee0-ba39-2a64c1a8db79 user=c11efc78-2802-413f-b815-948c96c079a1
[41c395de-35cd-4d69-810e-d4dd0e4c208d] GET /api/v1/inspections?page=1&limit=8 -> 200 689ms tenant=9e417b55-663f-4ee0-ba39-2a64c1a8db79 user=c11efc78-2802-413f-b815-948c96c079a1
[88c9a990-0378-40b5-808f-fa88be896d8b] GET /api/v1/dashboard/trends -> 200 1969ms tenant=9e417b55-663f-4ee0-ba39-2a64c1a8db79 user=c11efc78-2802-413f-b815-948c96c079a1
[47782d05-1839-4004-83e1-a5b6b1f2a6d8] GET /api/v1/dashboard/overview -> 200 2238ms tenant=9e417b55-663f-4ee0-ba39-2a64c1a8db79 user=c11efc78-2802-413f-b815-948c96c079a1
[3193e19d-283b-4979-8ec0-5b5479a943d2] GET /api/v1/dashboard/alerts?page=1&limit=8 -> 200 1242ms tenant=9e417b55-663f-4ee0-ba39-2a64c1a8db79 user=c11efc78-2802-413f-b815-948c96c079a1
[599d34ad-b052-46fc-b3bb-e3b7d42b4e7a] GET /api/v1/dashboard/trends -> 200 861ms tenant=9e417b55-663f-4ee0-ba39-2a64c1a8db79 user=c11efc78-2802-413f-b815-948c96c079a1
[48b851f5-0549-47c6-815c-912c058382e8] GET /api/v1/dashboard/overview -> 200 821ms tenant=9e417b55-663f-4ee0-ba39-2a64c1a8db79 user=c11efc78-2802-413f-b815-948c96c079a1
[25ff562f-8323-4e69-a425-716b3d6e9b61] OPTIONS /api/v1/dashboard/overview -> 204 0ms tenant=platform user=anonymous
[c4bfe73a-9fd4-490f-9e5a-3592666a2bba] OPTIONS /api/v1/dashboard/trends -> 204 0ms tenant=platform user=anonymous
[8394a634-9fc5-470c-b413-a1cf68b01f81] OPTIONS /api/v1/dashboard/alerts?page=1&limit=8 -> 204 0ms tenant=platform user=anonymous
[d4ab53ec-d91e-44f0-b329-52d6d4445d2c] OPTIONS /api/v1/inspections?page=1&limit=8 -> 204 0ms tenant=platform user=anonymous
[e16d7ca2-0bb3-4511-a9eb-2b0c160bd0c1] GET /api/v1/dashboard/overview -> 200 1097ms tenant=9e417b55-663f-4ee0-ba39-2a64c1a8db79 user=c11efc78-2802-413f-b815-948c96c079a1
[28bf85d5-de37-4399-89d9-ff9e0faa8b7d] GET /api/v1/inspections?page=1&limit=8 -> 200 1103ms tenant=9e417b55-663f-4ee0-ba39-2a64c1a8db79 user=c11efc78-2802-413f-b815-948c96c079a1
[1ead06d4-cd23-4359-9ca0-0110cbbf36dc] GET /api/v1/dashboard/alerts?page=1&limit=8 -> 200 1303ms tenant=9e417b55-663f-4ee0-ba39-2a64c1a8db79 user=c11efc78-2802-413f-b815-948c96c079a1
[28bf098d-dda9-4118-96db-0e717cbab60e] GET /api/v1/dashboard/trends -> 200 1491ms tenant=9e417b55-663f-4ee0-ba39-2a64c1a8db79 user=c11efc78-2802-413f-b815-948c96c079a1
[70fb9c19-1d50-45e8-a616-fc1044790257] OPTIONS /api/v1/dashboard/overview -> 204 1ms tenant=platform user=anonymous
[e622d657-be0e-43c0-b413-970ed6603c74] OPTIONS /api/v1/dashboard/trends -> 204 0ms tenant=platform user=anonymous
[43910232-f8a3-4bc9-bd7c-15d0efd04cfc] OPTIONS /api/v1/dashboard/alerts?page=1&limit=8 -> 204 0ms tenant=platform user=anonymous
[284acf09-ba86-49d1-8427-ee84c0b9a397] OPTIONS /api/v1/inspections?page=1&limit=8 -> 204 1ms tenant=platform user=anonymous
[9ff38cb5-8cc4-40f7-ad92-343835ccbff6] GET /api/v1/dashboard/trends -> 200 1202ms tenant=9e417b55-663f-4ee0-ba39-2a64c1a8db79 user=c11efc78-2802-413f-b815-948c96c079a1
[2ac2f307-2f64-42aa-929b-d28687401926] GET /api/v1/dashboard/overview -> 200 1372ms tenant=9e417b55-663f-4ee0-ba39-2a64c1a8db79 user=c11efc78-2802-413f-b815-948c96c079a1
[12734cd9-f144-4405-90d4-b5716a0c6ac8] GET /api/v1/inspections?page=1&limit=8 -> 200 1748ms tenant=9e417b55-663f-4ee0-ba39-2a64c1a8db79 user=c11efc78-2802-413f-b815-948c96c079a1
[4a426c9c-7c32-4492-a518-2044f6a33339] GET /api/v1/dashboard/alerts?page=1&limit=8 -> 200 2353ms tenant=9e417b55-663f-4ee0-ba39-2a64c1a8db79 user=c11efc78-2802-413f-b815-948c96c079a1
[57c731ab-3d55-4366-b13b-8be155d7c8cf] OPTIONS /api/v1/dashboard/overview -> 204 0ms tenant=platform user=anonymous
[30fc4357-f0d5-47d0-8c40-1fb3b8ba9327] OPTIONS /api/v1/dashboard/trends -> 204 0ms tenant=platform user=anonymous
[2f1b79c3-6c84-47b2-bfcd-fbe385da6bd0] OPTIONS /api/v1/dashboard/alerts?page=1&limit=8 -> 204 1ms tenant=platform user=anonymous
[b1f113b1-6c24-48eb-9e45-ba091924ea9e] OPTIONS /api/v1/inspections?page=1&limit=8 -> 204 1ms tenant=platform user=anonymous
[43a9be6a-f902-455f-8a80-a3e38b404c10] GET /api/v1/inspections?page=1&limit=8 -> 200 934ms tenant=9e417b55-663f-4ee0-ba39-2a64c1a8db79 user=c11efc78-2802-413f-b815-948c96c079a1
[050c500a-da24-4532-9d0d-479d74279928] GET /api/v1/dashboard/trends -> 200 1011ms tenant=9e417b55-663f-4ee0-ba39-2a64c1a8db79 user=c11efc78-2802-413f-b815-948c96c079a1
[0c844dba-c9e6-4a64-a7a5-0f57a9d6843f] GET /api/v1/dashboard/alerts?page=1&limit=8 -> 200 1502ms tenant=9e417b55-663f-4ee0-ba39-2a64c1a8db79 user=c11efc78-2802-413f-b815-948c96c079a1
[fc4fd788-3cf3-498d-a5f9-e1f03fcd96f9] GET /api/v1/dashboard/overview -> 200 1876ms tenant=9e417b55-663f-4ee0-ba39-2a64c1a8db79 user=c11efc78-2802-413f-b815-948c96c079a1
[88ff7fbc-0613-4848-94c0-2239cca78398] OPTIONS /api/v1/dashboard/overview -> 204 0ms tenant=platform user=anonymous
[37adcbe5-6d82-43df-b590-4a83ab21aef3] OPTIONS /api/v1/dashboard/trends -> 204 1ms tenant=platform user=anonymous
[72539b71-eb11-4e1d-83a6-5b2e3fca5831] OPTIONS /api/v1/dashboard/alerts?page=1&limit=8 -> 204 0ms tenant=platform user=anonymous
[6835945e-be59-4221-acdc-4ffb878d5f7a] OPTIONS /api/v1/inspections?page=1&limit=8 -> 204 1ms tenant=platform user=anonymous
[c5020b79-f14f-43b9-8b70-3e76be5c3fe3] GET /api/v1/inspections?page=1&limit=8 -> 200 1052ms tenant=9e417b55-663f-4ee0-ba39-2a64c1a8db79 user=c11efc78-2802-413f-b815-948c96c079a1
[c4719118-b815-423d-b61b-c9bd854aab97] GET /api/v1/dashboard/trends -> 200 1165ms tenant=9e417b55-663f-4ee0-ba39-2a64c1a8db79 user=c11efc78-2802-413f-b815-948c96c079a1
[d1814533-cc04-478a-8351-b5f4dafc91d5] GET /api/v1/dashboard/alerts?page=1&limit=8 -> 200 1237ms tenant=9e417b55-663f-4ee0-ba39-2a64c1a8db79 user=c11efc78-2802-413f-b815-948c96c079a1
[5540c741-7906-4608-812a-1f71838cff87] GET /api/v1/dashboard/overview -> 200 1250ms tenant=9e417b55-663f-4ee0-ba39-2a64c1a8db79 user=c11efc78-2802-413f-b815-948c96c079a1
[09669cdd-e845-465e-8baf-7306d02f721e] OPTIONS /api/v1/dashboard/overview -> 204 0ms tenant=platform user=anonymous
[e8f9498e-5d79-4a9f-b43b-df9e97b9bc7e] OPTIONS /api/v1/dashboard/trends -> 204 0ms tenant=platform user=anonymous
[2c6fee4b-aba0-4710-a777-19b3cca04db8] OPTIONS /api/v1/dashboard/alerts?page=1&limit=8 -> 204 0ms tenant=platform user=anonymous
[ba1d3e6b-f289-4cd7-8c52-a16c44a075e3] OPTIONS /api/v1/inspections?page=1&limit=8 -> 204 0ms tenant=platform user=anonymous
[9844b628-a70a-4cd5-b158-5c5bf6a126a2] GET /api/v1/inspections?page=1&limit=8 -> 200 2654ms tenant=9e417b55-663f-4ee0-ba39-2a64c1a8db79 user=c11efc78-2802-413f-b815-948c96c079a1
[a09bcdf2-0007-43f6-a819-c3f7d7b5d4ec] GET /api/v1/dashboard/trends -> 200 2938ms tenant=9e417b55-663f-4ee0-ba39-2a64c1a8db79 user=c11efc78-2802-413f-b815-948c96c079a1
[7f9c7bc8-59f4-42d6-9ad9-1c9841535ea3] GET /api/v1/dashboard/alerts?page=1&limit=8 -> 200 3161ms tenant=9e417b55-663f-4ee0-ba39-2a64c1a8db79 user=c11efc78-2802-413f-b815-948c96c079a1
[5af100b0-4859-48b9-abed-824ad1cd0812] GET /api/v1/dashboard/overview -> 200 3239ms tenant=9e417b55-663f-4ee0-ba39-2a64c1a8db79 user=c11efc78-2802-413f-b815-948c96c079a1
[ad92bd1e-1d77-486f-a166-d4952560ce28] OPTIONS /api/v1/dashboard/overview -> 204 0ms tenant=platform user=anonymous
[a6eaaee9-9dc8-4e21-9380-140cbd6c0871] OPTIONS /api/v1/dashboard/trends -> 204 1ms tenant=platform user=anonymous
[56863b5f-659f-4bb8-b962-200a398f16fe] OPTIONS /api/v1/dashboard/alerts?page=1&limit=8 -> 204 0ms tenant=platform user=anonymous
[e2929dca-4347-4a97-9c8b-8674ca95cfc1] OPTIONS /api/v1/inspections?page=1&limit=8 -> 204 0ms tenant=platform user=anonymous
[9fa4d992-22d1-4075-b4eb-9d1ef3769740] GET /api/v1/dashboard/trends -> 200 1174ms tenant=9e417b55-663f-4ee0-ba39-2a64c1a8db79 user=c11efc78-2802-413f-b815-948c96c079a1
[9925f226-d4a5-4ccd-a695-f62c896450d0] GET /api/v1/dashboard/overview -> 200 1272ms tenant=9e417b55-663f-4ee0-ba39-2a64c1a8db79 user=c11efc78-2802-413f-b815-948c96c079a1
[92214ef2-d0c2-4d9a-ae0b-98ad9cf20cb4] GET /api/v1/dashboard/alerts?page=1&limit=8 -> 200 1267ms tenant=9e417b55-663f-4ee0-ba39-2a64c1a8db79 user=c11efc78-2802-413f-b815-948c96c079a1
[b1470348-6e59-4cb4-b564-886d47a7395e] GET /api/v1/inspections?page=1&limit=8 -> 200 1525ms tenant=9e417b55-663f-4ee0-ba39-2a64c1a8db79 user=c11efc78-2802-413f-b815-948c96c079a1
[169a2b1b-1587-4121-8224-ef2ffa9af456] OPTIONS /api/v1/dashboard/overview -> 204 0ms tenant=platform user=anonymous
[b99f83a8-da8a-4f21-b50f-300523a76b57] OPTIONS /api/v1/dashboard/trends -> 204 1ms tenant=platform user=anonymous
[316fe539-4eb5-45df-a6d3-0f294bb2ae39] OPTIONS /api/v1/dashboard/alerts?page=1&limit=8 -> 204 0ms tenant=platform user=anonymous
[2475b017-9074-4c00-bfe1-e8b9f2bd6f73] OPTIONS /api/v1/inspections?page=1&limit=8 -> 204 0ms tenant=platform user=anonymous
[210f8407-c8a5-40e5-8295-7f7acac77609] GET /api/v1/inspections?page=1&limit=8 -> 200 988ms tenant=9e417b55-663f-4ee0-ba39-2a64c1a8db79 user=c11efc78-2802-413f-b815-948c96c079a1
[2966ad08-a952-44ee-807d-2945d1ad7837] GET /api/v1/dashboard/overview -> 200 1260ms tenant=9e417b55-663f-4ee0-ba39-2a64c1a8db79 user=c11efc78-2802-413f-b815-948c96c079a1
[e071899e-0dc9-4f58-ae7e-9e80d45b5ca8] GET /api/v1/dashboard/trends -> 200 1644ms tenant=9e417b55-663f-4ee0-ba39-2a64c1a8db79 user=c11efc78-2802-413f-b815-948c96c079a1
[904d11a8-671d-4994-aa83-5aa0dd02fe3e] GET /api/v1/dashboard/alerts?page=1&limit=8 -> 200 1707ms tenant=9e417b55-663f-4ee0-ba39-2a64c1a8db79 user=c11efc78-2802-413f-b815-948c96c079a1
[c885b49f-65fe-4546-8830-b57617ab3be6] OPTIONS /api/v1/dashboard/overview -> 204 0ms tenant=platform user=anonymous
[86315e23-783c-46aa-8ec8-b6eb266b28db] OPTIONS /api/v1/dashboard/trends -> 204 0ms tenant=platform user=anonymous
[d33e3583-58ad-444e-bcdf-2d4145393b3f] OPTIONS /api/v1/dashboard/alerts?page=1&limit=8 -> 204 1ms tenant=platform user=anonymous
[e2d4fd75-7d4e-4228-934b-c80816ad02da] OPTIONS /api/v1/inspections?page=1&limit=8 -> 204 1ms tenant=platform user=anonymous
[2f812db9-84a4-4376-9742-f7641ee6ad1d] GET /api/v1/inspections?page=1&limit=8 -> 200 981ms tenant=9e417b55-663f-4ee0-ba39-2a64c1a8db79 user=c11efc78-2802-413f-b815-948c96c079a1
[ce338fb5-5679-4463-a67b-33f861ffaa9b] GET /api/v1/dashboard/alerts?page=1&limit=8 -> 200 1118ms tenant=9e417b55-663f-4ee0-ba39-2a64c1a8db79 user=c11efc78-2802-413f-b815-948c96c079a1
[93366355-741d-407c-b37c-b46364399fea] GET /api/v1/dashboard/trends -> 200 1472ms tenant=9e417b55-663f-4ee0-ba39-2a64c1a8db79 user=c11efc78-2802-413f-b815-948c96c079a1
[96d90250-cb05-44be-8f85-f4121dd17632] GET /api/v1/dashboard/overview -> 200 1736ms tenant=9e417b55-663f-4ee0-ba39-2a64c1a8db79 user=c11efc78-2802-413f-b815-948c96c079a1
[dee47420-694f-4c55-bcf2-8c2480336666] OPTIONS /api/v1/dashboard/heatmap?north=20.08&south=19.932&east=73.954&west=73.626&zoomLevel=12&timeRange=last7&organizationId=nashik&severity=all -> 204 1ms tenant=platform user=anonymous
[3f273513-2a29-431c-a631-d1b98379ca48] OPTIONS /api/v1/dashboard/heatmap?north=20.08&south=19.932&east=73.977&west=73.602&zoomLevel=12&timeRange=last7&organizationId=nashik&severity=all -> 204 0ms tenant=platform user=anonymous
[b96a1603-3f25-44a7-9fab-67644fe8a1e8] GET /api/v1/dashboard/heatmap?north=20.08&south=19.932&east=73.954&west=73.626&zoomLevel=12&timeRange=last7&organizationId=nashik&severity=all -> 200 1701ms tenant=9e417b55-663f-4ee0-ba39-2a64c1a8db79 user=c11efc78-2802-413f-b815-948c96c079a1
[db5bb845-81b3-460f-aac5-f89a687053db] GET /api/v1/dashboard/heatmap?north=20.08&south=19.932&east=73.977&west=73.602&zoomLevel=12&timeRange=last7&organizationId=nashik&severity=all -> 200 1480ms tenant=9e417b55-663f-4ee0-ba39-2a64c1a8db79 user=c11efc78-2802-413f-b815-948c96c079a1
[48fe2ede-c0d0-4b57-a347-447d0fe74f1c] OPTIONS /api/v1/toilet-units -> 204 1ms tenant=platform user=anonymous
[e6e0bdac-aafc-4b69-a35c-ccdeffc45c85] OPTIONS /api/v1/facilities?page=1&limit=300 -> 204 0ms tenant=platform user=anonymous
[167fb8e0-c0f5-4c08-a5ad-7ff9dbe964b0] OPTIONS /api/v1/facilities?page=1&limit=300 -> 204 1ms tenant=platform user=anonymous
[1ce489c0-bf85-4a39-a83e-b02ad110a9de] GET /api/v1/facilities?page=1&limit=300 -> 200 214ms tenant=9e417b55-663f-4ee0-ba39-2a64c1a8db79 user=c11efc78-2802-413f-b815-948c96c079a1
[d19d7da0-73c1-4b3a-9c51-4d9018411730] OPTIONS /api/v1/toilet-blocks?facilityId=dfcce11b-9ed6-4ded-9f69-5e2868bb337a -> 204 1ms tenant=platform user=anonymous
[2f6b3d2d-58ff-487a-82dd-157b5befb348] GET /api/v1/toilet-units -> 200 310ms tenant=9e417b55-663f-4ee0-ba39-2a64c1a8db79 user=c11efc78-2802-413f-b815-948c96c079a1
[8b8ae40b-7d6a-41de-94cc-354d7282073a] GET /api/v1/toilet-units -> 200 250ms tenant=9e417b55-663f-4ee0-ba39-2a64c1a8db79 user=c11efc78-2802-413f-b815-948c96c079a1
[09dfafdf-77e5-419b-9e05-1920757ecf89] GET /api/v1/toilet-blocks?facilityId=dfcce11b-9ed6-4ded-9f69-5e2868bb337a -> 200 264ms tenant=9e417b55-663f-4ee0-ba39-2a64c1a8db79 user=c11efc78-2802-413f-b815-948c96c079a1
[7a57569d-3e4c-4efa-b071-f065d6288cfb] GET /api/v1/facilities?page=1&limit=300 -> 200 389ms tenant=9e417b55-663f-4ee0-ba39-2a64c1a8db79 user=c11efc78-2802-413f-b815-948c96c079a1
[17c21f90-b8be-46ae-a92b-498ef631979f] OPTIONS /api/v1/inspections?page=1&limit=100 -> 204 0ms tenant=platform user=anonymous
[389b03ea-7d65-4ba5-820f-69449e84ef86] OPTIONS /api/v1/inspections?page=1&limit=100 -> 204 1ms tenant=platform user=anonymous
[53f9f226-0213-47fa-9025-889e7f2d9f36] GET /api/v1/inspections?page=1&limit=100 -> 200 5072ms tenant=9e417b55-663f-4ee0-ba39-2a64c1a8db79 user=c11efc78-2802-413f-b815-948c96c079a1
[6c6d57c5-cb85-4b28-8490-00324bafc46a] GET /static/sanitation/9e417b55-663f-4ee0-ba39-2a64c1a8db79/inspections/76d1a895-17d2-4dfb-8906-e18b57fde365/inspection-1775070524124-600861746.jpg -> 200 130ms tenant=platform user=anonymous
[1e5c0a03-b6e8-4812-bffb-d9bad28bc33c] GET /static/sanitation/9e417b55-663f-4ee0-ba39-2a64c1a8db79/inspections/ce8610eb-23cf-42fa-a59c-e667f3809f41/inspection-1775072947325-364842066.jpg -> 200 144ms tenant=platform user=anonymous
[68218291-073d-4a42-9da3-0b8cc38f755e] OPTIONS /api/v1/inspections/ce8610eb-23cf-42fa-a59c-e667f3809f41 -> 204 1ms tenant=platform user=anonymous
[e45184f2-0eb9-4b31-aa82-bcbe5a0031b5] OPTIONS /api/v1/inspections/ce8610eb-23cf-42fa-a59c-e667f3809f41 -> 204 1ms tenant=platform user=anonymous
[f5b1b287-f023-419a-9b72-1242d251da83] GET /api/v1/inspections?page=1&limit=100 -> 200 2130ms tenant=9e417b55-663f-4ee0-ba39-2a64c1a8db79 user=c11efc78-2802-413f-b815-948c96c079a1
[62cd95e8-c077-42e1-baab-0df3e2721858] GET /api/v1/inspections/ce8610eb-23cf-42fa-a59c-e667f3809f41 -> 200 975ms tenant=9e417b55-663f-4ee0-ba39-2a64c1a8db79 user=c11efc78-2802-413f-b815-948c96c079a1
[2c6d33ff-4e30-47c8-9b1d-15289b590dc6] OPTIONS /api/v1/analysis/inspections/ce8610eb-23cf-42fa-a59c-e667f3809f41/trend?limit=25 -> 204 1ms tenant=platform user=anonymous
[2717f72d-ce80-4c42-bad6-6438d9e16bd9] GET /api/v1/analysis/inspections/ce8610eb-23cf-42fa-a59c-e667f3809f41/trend?limit=25 -> 200 729ms tenant=9e417b55-663f-4ee0-ba39-2a64c1a8db79 user=c11efc78-2802-413f-b815-948c96c079a1
[42ed7162-023d-4879-a476-fa6062b9208d] OPTIONS /api/v1/inspections/ce8610eb-23cf-42fa-a59c-e667f3809f41/comparison -> 204 0ms tenant=platform user=anonymous
[fdfba7af-eb47-42e2-bb6c-13920cdeceb4] GET /api/v1/inspections/ce8610eb-23cf-42fa-a59c-e667f3809f41 -> 200 887ms tenant=9e417b55-663f-4ee0-ba39-2a64c1a8db79 user=c11efc78-2802-413f-b815-948c96c079a1
[fc2e52c1-333a-41f9-b832-a6938397d78a] GET /api/v1/inspections/ce8610eb-23cf-42fa-a59c-e667f3809f41/comparison -> 200 394ms tenant=9e417b55-663f-4ee0-ba39-2a64c1a8db79 user=c11efc78-2802-413f-b815-948c96c079a1
[fc063402-cb69-4d42-877d-f27e4efe2ba0] GET /static/sanitation/9e417b55-663f-4ee0-ba39-2a64c1a8db79/inspections/ce8610eb-23cf-42fa-a59c-e667f3809f41/inspection-1775072954661-482187733.jpg -> 200 110ms tenant=platform user=anonymous
[9771eaed-ca14-4932-8766-00b53b7cb5d5] GET /api/v1/analysis/inspections/ce8610eb-23cf-42fa-a59c-e667f3809f41/trend?limit=25 -> 200 600ms tenant=9e417b55-663f-4ee0-ba39-2a64c1a8db79 user=c11efc78-2802-413f-b815-948c96c079a1
[709ec18a-d8bb-4233-86a3-aa7b09ad7cce] GET /api/v1/inspections/ce8610eb-23cf-42fa-a59c-e667f3809f41/comparison -> 200 362ms tenant=9e417b55-663f-4ee0-ba39-2a64c1a8db79 user=c11efc78-2802-413f-b815-948c96c079a1
[15cc4d71-1a67-4f9e-a23b-36ef6fca85df] OPTIONS /api/v1/inspections?page=1&limit=100 -> 204 1ms tenant=platform user=anonymous
[56246c78-3a79-46ad-a255-5d0758a419ef] OPTIONS /api/v1/inspections?page=1&limit=100 -> 204 1ms tenant=platform user=anonymous
[03f83c12-32ae-4f78-809d-4c1c44d7da90] GET /api/v1/inspections?page=1&limit=100 -> 200 1200ms tenant=9e417b55-663f-4ee0-ba39-2a64c1a8db79 user=c11efc78-2802-413f-b815-948c96c079a1
[e5ed017e-c6a9-4e76-9575-a08bb28907fa] OPTIONS /api/v1/toilet-units -> 204 6ms tenant=platform user=anonymous
[3da53e5e-6c2c-46af-a430-97b624b2ee9d] OPTIONS /api/v1/facilities?page=1&limit=300 -> 204 0ms tenant=platform user=anonymous
[e49a4326-e99b-44f7-bb03-c56b4f1a622a] OPTIONS /api/v1/toilet-units -> 204 0ms tenant=platform user=anonymous
[f53cf176-c7ed-4158-893f-18136545d9a6] OPTIONS /api/v1/facilities?page=1&limit=300 -> 204 1ms tenant=platform user=anonymous
[7eb38677-9a21-4563-81e5-5698a4032e03] GET /api/v1/toilet-units -> 200 489ms tenant=9e417b55-663f-4ee0-ba39-2a64c1a8db79 user=c11efc78-2802-413f-b815-948c96c079a1
[7bd7a5f0-7a2f-46d3-bc51-0c81a715a4fa] GET /api/v1/facilities?page=1&limit=300 -> 200 487ms tenant=9e417b55-663f-4ee0-ba39-2a64c1a8db79 user=c11efc78-2802-413f-b815-948c96c079a1
[a05f211b-59ec-4284-b724-c2a57ee53736] OPTIONS /api/v1/toilet-blocks?facilityId=dfcce11b-9ed6-4ded-9f69-5e2868bb337a -> 204 5ms tenant=platform user=anonymous
[47065074-bdef-4b29-8743-fb6b513fe934] GET /api/v1/inspections?page=1&limit=100 -> 200 1508ms tenant=9e417b55-663f-4ee0-ba39-2a64c1a8db79 user=c11efc78-2802-413f-b815-948c96c079a1
[499ce8a8-4901-4162-bfe9-13f225b70a30] GET /api/v1/toilet-units -> 200 976ms tenant=9e417b55-663f-4ee0-ba39-2a64c1a8db79 user=c11efc78-2802-413f-b815-948c96c079a1
[eb29dec3-456a-4ba4-99cf-4848ea4a658a] GET /api/v1/toilet-blocks?facilityId=dfcce11b-9ed6-4ded-9f69-5e2868bb337a -> 200 922ms tenant=9e417b55-663f-4ee0-ba39-2a64c1a8db79 user=c11efc78-2802-413f-b815-948c96c079a1
[4d02d72f-c552-4ac8-96bf-64ad1611fe0b] GET /api/v1/facilities?page=1&limit=300 -> 200 1097ms tenant=9e417b55-663f-4ee0-ba39-2a64c1a8db79 user=c11efc78-2802-413f-b815-948c96c079a1
[5aea6ee0-476f-4171-b09a-7e4a245521ec] OPTIONS /api/v1/toilets/dcafc7ee-55fd-49fa-a6bb-1280ff82883e/details -> 204 1ms tenant=platform user=anonymous
[803684a1-5eae-46f0-88be-6c74bc1ffc2e] OPTIONS /api/v1/toilets/dcafc7ee-55fd-49fa-a6bb-1280ff82883e/details -> 204 0ms tenant=platform user=anonymous
[18197695-49bd-48c6-853b-d602cd36ca85] GET /api/v1/toilets/dcafc7ee-55fd-49fa-a6bb-1280ff82883e/details -> 200 1683ms tenant=9e417b55-663f-4ee0-ba39-2a64c1a8db79 user=c11efc78-2802-413f-b815-948c96c079a1
[980f9a2d-ded2-4051-8664-4d47156ada0b] GET /api/v1/toilets/dcafc7ee-55fd-49fa-a6bb-1280ff82883e/details -> 200 1360ms tenant=9e417b55-663f-4ee0-ba39-2a64c1a8db79 user=c11efc78-2802-413f-b815-948c96c079a1
[52600e38-cb06-4e90-8448-b3477b6e2832] POST /api/v1/auth/login -> 200 584ms tenant=platform user=anonymous
[bdac92f5-0916-4979-aa09-b5cd5e42e3bb] GET /api/v1/dashboard/overview -> 200 1108ms tenant=b1111111-1111-4111-8111-111111111111 user=81c852be-711a-4d51-af5b-6434ff81fdc7
[6eaf301b-0d1d-4eaf-93fd-017a5adcd3c4] OPTIONS /api/v1/toilet-units -> 204 1ms tenant=platform user=anonymous
[01efaa22-e988-4123-bf71-7ea0345da9de] OPTIONS /api/v1/facilities?page=1&limit=300 -> 204 0ms tenant=platform user=anonymous
[d1683843-a071-4b2f-a2a4-d6611662c574] OPTIONS /api/v1/toilet-units -> 204 0ms tenant=platform user=anonymous
[267d2bd6-21ec-424a-8517-0f02249d4549] OPTIONS /api/v1/facilities?page=1&limit=300 -> 204 1ms tenant=platform user=anonymous
[b0043841-9156-4014-a0ce-7898e181dead] GET /api/v1/facilities?page=1&limit=300 -> 200 409ms tenant=9e417b55-663f-4ee0-ba39-2a64c1a8db79 user=c11efc78-2802-413f-b815-948c96c079a1
[23da6b63-f1d8-40c9-a366-b29132a9871a] GET /api/v1/toilet-units -> 200 410ms tenant=9e417b55-663f-4ee0-ba39-2a64c1a8db79 user=c11efc78-2802-413f-b815-948c96c079a1
[31bf2563-5157-499e-a113-d552eef72eae] OPTIONS /api/v1/toilet-blocks?facilityId=dfcce11b-9ed6-4ded-9f69-5e2868bb337a -> 204 1ms tenant=platform user=anonymous
[c020ea90-c55c-4504-ac06-a8cff1fbee5f] GET /api/v1/facilities?page=1&limit=300 -> 200 378ms tenant=9e417b55-663f-4ee0-ba39-2a64c1a8db79 user=c11efc78-2802-413f-b815-948c96c079a1
[35841fd4-48c1-4354-b584-0ccb91d6da8d] GET /api/v1/toilet-units -> 200 381ms tenant=9e417b55-663f-4ee0-ba39-2a64c1a8db79 user=c11efc78-2802-413f-b815-948c96c079a1
[ef0bd2ac-a587-49dd-8416-8d70ed7f557f] GET /api/v1/toilet-blocks?facilityId=dfcce11b-9ed6-4ded-9f69-5e2868bb337a -> 200 437ms tenant=9e417b55-663f-4ee0-ba39-2a64c1a8db79 user=c11efc78-2802-413f-b815-948c96c079a1
[9c6317c8-727a-4043-96ad-9ab46e1b937f] GET /api/v1/dashboard/alerts?page=1&limit=5 -> 200 3879ms tenant=b1111111-1111-4111-8111-111111111111 user=81c852be-711a-4d51-af5b-6434ff81fdc7
[076d49e6-7816-42de-80bc-9774fca24f03] GET /api/v1/dashboard/trends?days=7 -> 200 1145ms tenant=b1111111-1111-4111-8111-111111111111 user=81c852be-711a-4d51-af5b-6434ff81fdc7
[d835dcc5-cbdd-48be-88e9-ceec93155a70] GET /api/v1/dashboard/map -> 200 852ms tenant=b1111111-1111-4111-8111-111111111111 user=81c852be-711a-4d51-af5b-6434ff81fdc7
[cf82550f-74e9-4e73-a553-06363efc4eb1] OPTIONS /api/v1/toilets/dcafc7ee-55fd-49fa-a6bb-1280ff82883e/details -> 204 0ms tenant=platform user=anonymous
[9891e502-e5ba-459d-aaed-1e0d2d979720] OPTIONS /api/v1/toilets/dcafc7ee-55fd-49fa-a6bb-1280ff82883e/details -> 204 0ms tenant=platform user=anonymous
[2f474ecf-3c74-40cb-9eae-97310edfee79] GET /api/v1/inspections?page=1&limit=5 -> 200 605ms tenant=b1111111-1111-4111-8111-111111111111 user=81c852be-711a-4d51-af5b-6434ff81fdc7
[a5f56124-65f3-4520-bf7a-5cc3152fd73b] GET /api/v1/toilets/dcafc7ee-55fd-49fa-a6bb-1280ff82883e/details -> 200 1170ms tenant=9e417b55-663f-4ee0-ba39-2a64c1a8db79 user=c11efc78-2802-413f-b815-948c96c079a1
[df487878-ab8f-4847-8d90-43691d3acbab] GET /api/v1/toilets/dcafc7ee-55fd-49fa-a6bb-1280ff82883e/details -> 200 1254ms tenant=9e417b55-663f-4ee0-ba39-2a64c1a8db79 user=c11efc78-2802-413f-b815-948c96c079a1
[3de466d5-2a18-4d68-8a43-acb9f6efdeac] OPTIONS /api/v1/toilet-units -> 204 1ms tenant=platform user=anonymous
[d1e36fc2-d8c0-41ac-adf0-362c6257bf4e] OPTIONS /api/v1/facilities?page=1&limit=300 -> 204 1ms tenant=platform user=anonymous
[408b049d-97dc-4874-b59b-12c09433c2e5] OPTIONS /api/v1/toilet-units -> 204 1ms tenant=platform user=anonymous
[807a7dc9-67db-437b-afe0-63b32668465c] OPTIONS /api/v1/facilities?page=1&limit=300 -> 204 0ms tenant=platform user=anonymous
[acf795f1-132c-4b30-9b2b-40a1c8ba5c3d] OPTIONS /api/v1/inspections?page=1&limit=100 -> 204 0ms tenant=platform user=anonymous
[bee04522-7ee8-43a0-95d9-c3a96b93c104] OPTIONS /api/v1/inspections?page=1&limit=100 -> 204 0ms tenant=platform user=anonymous
[f7daa240-1fc2-43b8-9818-b80e84968dea] GET /api/v1/toilet-units -> 200 1557ms tenant=9e417b55-663f-4ee0-ba39-2a64c1a8db79 user=c11efc78-2802-413f-b815-948c96c079a1
[95a82f11-484a-4de8-859d-648e86c03c16] GET /api/v1/facilities?page=1&limit=300 -> 200 1751ms tenant=9e417b55-663f-4ee0-ba39-2a64c1a8db79 user=c11efc78-2802-413f-b815-948c96c079a1
[96ff3cc0-b56a-402e-b2ea-5f39917709f2] GET /api/v1/toilet-units -> 200 374ms tenant=9e417b55-663f-4ee0-ba39-2a64c1a8db79 user=c11efc78-2802-413f-b815-948c96c079a1
[030d7ad0-5b55-4016-ab8c-c972310069dd] GET /api/v1/facilities?page=1&limit=300 -> 200 407ms tenant=9e417b55-663f-4ee0-ba39-2a64c1a8db79 user=c11efc78-2802-413f-b815-948c96c079a1
[abd1a19e-2d75-45eb-ad4b-9428d06de2f3] GET /api/v1/inspections?page=1&limit=100 -> 200 3290ms tenant=9e417b55-663f-4ee0-ba39-2a64c1a8db79 user=c11efc78-2802-413f-b815-948c96c079a1
[eb9d59db-f1b5-4d72-b850-6f84901a6cf5] GET /api/v1/inspections?page=1&limit=100 -> 200 929ms tenant=9e417b55-663f-4ee0-ba39-2a64c1a8db79 user=c11efc78-2802-413f-b815-948c96c079a1
[2a4154bb-26b2-4d16-8a7d-e375d747892d] GET /static/sanitation/9e417b55-663f-4ee0-ba39-2a64c1a8db79/inspections/82862c03-db04-4f0c-aa6e-28483ef671c4/inspection-1775027870643-977900579.jpg -> 200 161ms tenant=platform user=anonymous
[a3810f9d-2964-49cd-8f1e-93ac3a75b1d4] GET /static/sanitation/9e417b55-663f-4ee0-ba39-2a64c1a8db79/inspections/ec4e0b21-bb14-438e-a8cd-d8d1fb23519d/inspection-1774884003586-736363426.jpg -> 200 163ms tenant=platform user=anonymous
[cc1ce2c9-5b84-4d4b-a8ad-88b499785664] GET /static/sanitation/9e417b55-663f-4ee0-ba39-2a64c1a8db79/inspections/2bd9da69-39f4-4fb2-a997-fd7c45bf6bdd/inspection-1774888003194-698995752.jpg -> 200 189ms tenant=platform user=anonymous
[c17bc75a-c7f0-4ca1-a05e-fb5502a92f56] GET /static/sanitation/9e417b55-663f-4ee0-ba39-2a64c1a8db79/inspections/acab10b1-949c-4131-8e02-04162d5bc82a/inspection-1775039263197-531236428.jpg -> 200 196ms tenant=platform user=anonymous
[74aa8845-3fe4-4f01-9486-1c9dd817814d] GET /static/sanitation/9e417b55-663f-4ee0-ba39-2a64c1a8db79/inspections/18705fca-dcfa-4796-ba4c-ca19195a72e2/inspection-1775029876789-484470882.jpg -> 200 202ms tenant=platform user=anonymous
[5697ce8d-a005-401e-af9c-b0aeee1d31d0] GET /static/sanitation/9e417b55-663f-4ee0-ba39-2a64c1a8db79/inspections/f5e35052-f468-4aca-8300-ff3bbcc030c5/inspection-1774892939190-578405449.jpg -> 200 209ms tenant=platform user=anonymous
[6921c54e-4a75-4b21-a12a-41b529125e2c] GET /static/sanitation/9e417b55-663f-4ee0-ba39-2a64c1a8db79/inspections/97222f8d-ddd0-47d6-9f73-e09b43cd19e8/inspection-1774690245531-444309163.png -> 200 215ms tenant=platform user=anonymous
[0f09b234-ef09-4e49-a579-3939b848d727] GET /static/sanitation/9e417b55-663f-4ee0-ba39-2a64c1a8db79/inspections/0f570e92-7fc4-44ff-92c1-6d6352b425fd/inspection-1774689740122-325111398.jpg -> 200 226ms tenant=platform user=anonymous
[9385cda2-9167-4bfc-a51f-ee0214d35c85] GET /static/sanitation/9e417b55-663f-4ee0-ba39-2a64c1a8db79/inspections/4041274f-7199-4648-94f5-85aeafcd76ae/inspection-1774694475572-280726089.png -> 200 260ms tenant=platform user=anonymous
[660e4b3a-2d18-4625-88b5-4d1d2c0a7ba1] GET /static/sanitation/9e417b55-663f-4ee0-ba39-2a64c1a8db79/inspections/2a38b80d-7222-42b7-b7e6-c5bc4cf17f6e/inspection-1774699035735-656035703.png -> 200 272ms tenant=platform user=anonymous
[52f4f248-fad5-41d4-b8f7-a112b802381a] GET /static/sanitation/9e417b55-663f-4ee0-ba39-2a64c1a8db79/inspections/cde69d32-f207-479f-808b-8a90db2a5080/inspection-1774689777458-868123876.png -> 200 329ms tenant=platform user=anonymous
[ec0fa402-c379-4f3a-9b08-7e33b10d56d7] GET /static/sanitation/9e417b55-663f-4ee0-ba39-2a64c1a8db79/inspections/fbd2b51c-c679-429c-b6d4-ce1f80a9e5f1/inspection-1774689706625-165141127.jpg -> 200 317ms tenant=platform user=anonymous
[3bb9bfa9-49a8-4d40-bb08-7715b793d6de] GET /static/sanitation/9e417b55-663f-4ee0-ba39-2a64c1a8db79/inspections/72032dd0-c8df-463c-afd4-7178768731a4/inspection-1774883985886-201028724.jpg -> 200 135ms tenant=platform user=anonymous
[0979f5e8-605b-47d3-861d-28503adb6e43] OPTIONS /api/v1/inspections/acab10b1-949c-4131-8e02-04162d5bc82a -> 204 1ms tenant=platform user=anonymous
[b4bc86bf-6839-48b0-bcb3-948a07af6311] OPTIONS /api/v1/inspections/acab10b1-949c-4131-8e02-04162d5bc82a -> 204 1ms tenant=platform user=anonymous
[eb38e3a5-c72d-41f1-91aa-e55e4bea9f6e] GET /api/v1/inspections/acab10b1-949c-4131-8e02-04162d5bc82a -> 200 1874ms tenant=9e417b55-663f-4ee0-ba39-2a64c1a8db79 user=c11efc78-2802-413f-b815-948c96c079a1
[bbd35501-7203-41e2-b0cb-5e209031cb19] OPTIONS /api/v1/analysis/inspections/acab10b1-949c-4131-8e02-04162d5bc82a/trend?limit=25 -> 204 1ms tenant=platform user=anonymous
[678cbdb4-151a-4d44-a62a-21da6a9af832] GET /api/v1/analysis/inspections/acab10b1-949c-4131-8e02-04162d5bc82a/trend?limit=25 -> 200 1853ms tenant=9e417b55-663f-4ee0-ba39-2a64c1a8db79 user=c11efc78-2802-413f-b815-948c96c079a1
[f1a77f15-2006-4f4c-8b7b-ae956b0d3c81] OPTIONS /api/v1/inspections/acab10b1-949c-4131-8e02-04162d5bc82a/comparison -> 204 1ms tenant=platform user=anonymous
[9496fa66-51af-4f52-9f03-21bd200750dc] GET /api/v1/inspections/acab10b1-949c-4131-8e02-04162d5bc82a -> 200 2351ms tenant=9e417b55-663f-4ee0-ba39-2a64c1a8db79 user=c11efc78-2802-413f-b815-948c96c079a1
[4834563f-250f-4560-8495-56fbc90fe5de] GET /api/v1/inspections/acab10b1-949c-4131-8e02-04162d5bc82a/comparison -> 200 940ms tenant=9e417b55-663f-4ee0-ba39-2a64c1a8db79 user=c11efc78-2802-413f-b815-948c96c079a1
[91db4fbb-154f-40e0-b997-01f7945eb5d9] GET /static/sanitation/9e417b55-663f-4ee0-ba39-2a64c1a8db79/inspections/acab10b1-949c-4131-8e02-04162d5bc82a/inspection-1775039265260-627987000.jpg -> 200 209ms tenant=platform user=anonymous
[b5882ceb-307a-483d-ae8f-d1e44300566c] GET /api/v1/analysis/inspections/acab10b1-949c-4131-8e02-04162d5bc82a/trend?limit=25 -> 200 706ms tenant=9e417b55-663f-4ee0-ba39-2a64c1a8db79 user=c11efc78-2802-413f-b815-948c96c079a1
[972b390d-0d12-4119-9f7a-4cde6054e5e9] GET /static/sanitation/9e417b55-663f-4ee0-ba39-2a64c1a8db79/inspections/acab10b1-949c-4131-8e02-04162d5bc82a/inspection-1775039263189-16109390.jpg -> 200 244ms tenant=platform user=anonymous
[ba2506f5-1ff7-4adb-a5cd-5db07d758a44] GET /static/sanitation/9e417b55-663f-4ee0-ba39-2a64c1a8db79/inspections/acab10b1-949c-4131-8e02-04162d5bc82a/inspection-1775039265303-718654523.jpg -> 200 244ms tenant=platform user=anonymous
[a781c4de-68b4-48e9-9b93-f8c005f01810] GET /api/v1/inspections/acab10b1-949c-4131-8e02-04162d5bc82a/comparison -> 200 359ms tenant=9e417b55-663f-4ee0-ba39-2a64c1a8db79 user=c11efc78-2802-413f-b815-948c96c079a1
[12392bb0-07b9-443e-a978-8aa67e707e0c] OPTIONS /api/v1/toilet-units -> 204 1ms tenant=platform user=anonymous
[aa49cbb8-2780-4e2b-b610-e61892c77f15] OPTIONS /api/v1/facilities?page=1&limit=300 -> 204 0ms tenant=platform user=anonymous
[38ae05a0-33fd-48f6-9f4f-002ac71e71a5] OPTIONS /api/v1/toilet-units -> 204 0ms tenant=platform user=anonymous
[cd0a3fc4-67d4-48a2-8064-7097e4d20fc2] OPTIONS /api/v1/facilities?page=1&limit=300 -> 204 0ms tenant=platform user=anonymous
[76348e03-637d-4015-a5e7-58d7e188bf65] GET /api/v1/toilet-units -> 200 235ms tenant=9e417b55-663f-4ee0-ba39-2a64c1a8db79 user=c11efc78-2802-413f-b815-948c96c079a1
[165b1e16-0c07-4afe-81a1-053c996ac032] GET /api/v1/facilities?page=1&limit=300 -> 200 513ms tenant=9e417b55-663f-4ee0-ba39-2a64c1a8db79 user=c11efc78-2802-413f-b815-948c96c079a1
[a53fc63b-cba4-4f79-a4e1-8d97d537c048] OPTIONS /api/v1/toilet-blocks?facilityId=dfcce11b-9ed6-4ded-9f69-5e2868bb337a -> 204 0ms tenant=platform user=anonymous
[54478fcf-804e-4cf4-9375-ec14558e96f3] GET /api/v1/toilet-units -> 200 382ms tenant=9e417b55-663f-4ee0-ba39-2a64c1a8db79 user=c11efc78-2802-413f-b815-948c96c079a1
[10d1cd13-4b15-424c-8288-12811ffde815] GET /api/v1/facilities?page=1&limit=300 -> 200 274ms tenant=9e417b55-663f-4ee0-ba39-2a64c1a8db79 user=c11efc78-2802-413f-b815-948c96c079a1
[c1421151-dc87-4706-ac49-5eb4dd4a6f02] GET /api/v1/toilet-blocks?facilityId=dfcce11b-9ed6-4ded-9f69-5e2868bb337a -> 200 268ms tenant=9e417b55-663f-4ee0-ba39-2a64c1a8db79 user=c11efc78-2802-413f-b815-948c96c079a1
[2f53c224-6cd0-4ef7-afb4-a25203e7cd7c] OPTIONS /api/v1/alerts?page=1&limit=20 -> 204 1ms tenant=platform user=anonymous
[9d2ec64f-70fb-477d-bcd3-f384f8dc2482] OPTIONS /api/v1/alerts?page=1&limit=20 -> 204 0ms tenant=platform user=anonymous
[833e6e1b-7203-416f-a36b-242ca61da09e] GET /api/v1/alerts?page=1&limit=20 -> 200 1436ms tenant=9e417b55-663f-4ee0-ba39-2a64c1a8db79 user=c11efc78-2802-413f-b815-948c96c079a1
[686b0bcf-59a9-4d0f-8f5f-b47017b98729] GET /api/v1/alerts?page=1&limit=20 -> 200 713ms tenant=9e417b55-663f-4ee0-ba39-2a64c1a8db79 user=c11efc78-2802-413f-b815-948c96c079a1
[b8b25fcc-d28e-4c4c-aa82-617203967eed] OPTIONS /api/v1/alerts?page=1&limit=200 -> 204 0ms tenant=platform user=anonymous
[bbbff8df-1bc6-44b9-b361-d71ea1555ec9] OPTIONS /api/v1/alerts?page=1&limit=200 -> 204 1ms tenant=platform user=anonymous
[246808d6-1221-45c2-a5e2-3cb502831e76] GET /api/v1/alerts?page=1&limit=200 -> 200 708ms tenant=9e417b55-663f-4ee0-ba39-2a64c1a8db79 user=c11efc78-2802-413f-b815-948c96c079a1
[7e32da50-ee9f-4972-a2d2-7e68740394dd] GET /api/v1/alerts?page=1&limit=200 -> 200 698ms tenant=9e417b55-663f-4ee0-ba39-2a64c1a8db79 user=c11efc78-2802-413f-b815-948c96c079a1
[de9dc4b9-0dbe-49fd-9bab-cf80d12b8194] OPTIONS /api/v1/tasks?page=1&limit=200 -> 204 0ms tenant=platform user=anonymous
[42755a1f-32cd-4e32-be16-3c0cf9c38744] OPTIONS /api/v1/tasks?page=1&limit=200 -> 204 1ms tenant=platform user=anonymous
[da89d4d6-6544-4ded-88cd-96483c121285] GET /api/v1/tasks?page=1&limit=200 -> 200 330ms tenant=9e417b55-663f-4ee0-ba39-2a64c1a8db79 user=c11efc78-2802-413f-b815-948c96c079a1
[428a1249-2fb3-4e08-a67c-6cde36a74517] GET /api/v1/tasks?page=1&limit=200 -> 200 755ms tenant=9e417b55-663f-4ee0-ba39-2a64c1a8db79 user=c11efc78-2802-413f-b815-948c96c079a1
[d1157a1c-6d76-437b-bbd4-bad32a1d635c] OPTIONS /api/v1/tasks?page=1&limit=100 -> 204 0ms tenant=platform user=anonymous
[d14f9613-bc46-40e5-b821-de12b347ea8a] OPTIONS /api/v1/facilities?page=1&limit=100 -> 204 1ms tenant=platform user=anonymous
[cd8633fb-3c11-48ad-99a2-55d3210c8a02] OPTIONS /api/v1/users?page=1&limit=100 -> 204 1ms tenant=platform user=anonymous
[8143e8a0-37cb-4768-84f2-38149698c78a] OPTIONS /api/v1/facilities?page=1&limit=100 -> 204 1ms tenant=platform user=anonymous
[cf0e0fab-f10c-4edd-94a4-096d9360a9ce] OPTIONS /api/v1/users?page=1&limit=100 -> 204 0ms tenant=platform user=anonymous
[fad7c851-b34e-481c-b09b-6dd37f4685b3] GET /api/v1/facilities?page=1&limit=100 -> 200 629ms tenant=9e417b55-663f-4ee0-ba39-2a64c1a8db79 user=c11efc78-2802-413f-b815-948c96c079a1
[498eae44-7f63-4278-a1f3-85ff10c2b14a] GET /api/v1/tasks?page=1&limit=100 -> 200 837ms tenant=9e417b55-663f-4ee0-ba39-2a64c1a8db79 user=c11efc78-2802-413f-b815-948c96c079a1
[b9230c29-c4cb-4eb5-8748-4acc2b0288c9] GET /api/v1/facilities?page=1&limit=100 -> 200 273ms tenant=9e417b55-663f-4ee0-ba39-2a64c1a8db79 user=c11efc78-2802-413f-b815-948c96c079a1
[55c2d89f-c147-4c0c-ba1a-5c60b34b9c09] GET /api/v1/users?page=1&limit=100 -> 200 1001ms tenant=9e417b55-663f-4ee0-ba39-2a64c1a8db79 user=c11efc78-2802-413f-b815-948c96c079a1
[e7a06bb5-6f7f-45a9-a6af-19ab42cf09ca] GET /api/v1/users?page=1&limit=100 -> 200 374ms tenant=9e417b55-663f-4ee0-ba39-2a64c1a8db79 user=c11efc78-2802-413f-b815-948c96c079a1
[f7a034fd-af17-48e6-8a61-38ac1c7e6fb2] GET /api/v1/tasks?page=1&limit=100 -> 200 618ms tenant=9e417b55-663f-4ee0-ba39-2a64c1a8db79 user=c11efc78-2802-413f-b815-948c96c079a1
[14640902-eca0-4d3d-a4be-c48bf518e921] OPTIONS /api/v1/complaints?page=1&limit=200 -> 204 0ms tenant=platform user=anonymous
[fa76fac6-8085-4e92-a3c0-37d364b314c5] OPTIONS /api/v1/complaints?page=1&limit=200 -> 204 0ms tenant=platform user=anonymous
[49bf3b9e-a864-4224-9f4d-6d3cfd846df4] GET /api/v1/complaints?page=1&limit=200 -> 200 2441ms tenant=9e417b55-663f-4ee0-ba39-2a64c1a8db79 user=c11efc78-2802-413f-b815-948c96c079a1
[9712f99b-f6ca-4e99-abef-fef58959cc1e] GET /api/v1/complaints?page=1&limit=200 -> 200 2639ms tenant=9e417b55-663f-4ee0-ba39-2a64c1a8db79 user=c11efc78-2802-413f-b815-948c96c079a1
[c2677859-7620-4e84-9a68-b3a285757144] OPTIONS /api/v1/dashboard/overview -> 204 0ms tenant=platform user=anonymous
[3ca316d8-9284-4469-896e-b781081813ea] OPTIONS /api/v1/dashboard/trends -> 204 1ms tenant=platform user=anonymous
[eb2afb3b-739b-425e-8127-5427421f2638] OPTIONS /api/v1/dashboard/alerts?page=1&limit=8 -> 204 0ms tenant=platform user=anonymous
[12166cc8-4cdb-4cb5-acc4-17a7f13ff520] OPTIONS /api/v1/inspections?page=1&limit=8 -> 204 1ms tenant=platform user=anonymous
[ef5c251a-44a6-444f-8a70-ebdcc1968536] OPTIONS /api/v1/dashboard/heatmap?north=20.08&south=19.932&east=73.977&west=73.602&zoomLevel=12&timeRange=last7&organizationId=nashik&severity=all -> 204 0ms tenant=platform user=anonymous
[931b482a-4cbd-4c9b-b90c-4ad0c7fed046] GET /api/v1/inspections?page=1&limit=8 -> 200 1644ms tenant=9e417b55-663f-4ee0-ba39-2a64c1a8db79 user=c11efc78-2802-413f-b815-948c96c079a1
[10ab101b-a2b1-4765-9169-dc201c41a67e] GET /api/v1/dashboard/heatmap?north=20.08&south=19.932&east=73.977&west=73.602&zoomLevel=12&timeRange=last7&organizationId=nashik&severity=all -> 200 1486ms tenant=9e417b55-663f-4ee0-ba39-2a64c1a8db79 user=c11efc78-2802-413f-b815-948c96c079a1
[1bd7a343-b7d4-4e83-9727-dfe1c91a7fa0] GET /api/v1/inspections?page=1&limit=8 -> 200 643ms tenant=9e417b55-663f-4ee0-ba39-2a64c1a8db79 user=c11efc78-2802-413f-b815-948c96c079a1
[dd06c2f1-7ecf-47cd-9b11-f44c4cade0df] GET /api/v1/dashboard/trends -> 200 2954ms tenant=9e417b55-663f-4ee0-ba39-2a64c1a8db79 user=c11efc78-2802-413f-b815-948c96c079a1
[db715db0-f40e-455c-9f18-fd13beb602bb] GET /api/v1/dashboard/overview -> 200 4692ms tenant=9e417b55-663f-4ee0-ba39-2a64c1a8db79 user=c11efc78-2802-413f-b815-948c96c079a1
[d1cfbfad-2bed-400b-9816-9942295a4379] GET /api/v1/dashboard/alerts?page=1&limit=8 -> 200 8146ms tenant=9e417b55-663f-4ee0-ba39-2a64c1a8db79 user=c11efc78-2802-413f-b815-948c96c079a1
[90dd104e-152e-4a85-88cf-360b8e56cee2] GET /api/v1/dashboard/overview -> 200 4285ms tenant=9e417b55-663f-4ee0-ba39-2a64c1a8db79 user=c11efc78-2802-413f-b815-948c96c079a1
[a441ae70-aa5f-4f6b-a6f6-0e3741685422] GET /api/v1/dashboard/trends -> 200 6259ms tenant=9e417b55-663f-4ee0-ba39-2a64c1a8db79 user=c11efc78-2802-413f-b815-948c96c079a1
[2a4a2836-10b1-402d-ad7a-bb7d3d9f5e05] GET /api/v1/dashboard/alerts?page=1&limit=8 -> 200 1211ms tenant=9e417b55-663f-4ee0-ba39-2a64c1a8db79 user=c11efc78-2802-413f-b815-948c96c079a1
[620d035c-7c6b-4dce-844c-b85485c02582] OPTIONS /api/v1/dashboard/overview -> 204 1ms tenant=platform user=anonymous
[2e68cef7-d9f5-4430-82d2-4589034c7bd9] OPTIONS /api/v1/dashboard/trends -> 204 0ms tenant=platform user=anonymous
[2f2481ec-6ca3-4412-a9d9-586db5f0d264] OPTIONS /api/v1/dashboard/alerts?page=1&limit=8 -> 204 1ms tenant=platform user=anonymous
[fd503791-9119-4cef-8e1d-0fc8ab3d904a] OPTIONS /api/v1/inspections?page=1&limit=8 -> 204 0ms tenant=platform user=anonymous
[450741e1-829a-432d-af32-45570bb3c7a8] GET /api/v1/dashboard/trends -> 200 1216ms tenant=9e417b55-663f-4ee0-ba39-2a64c1a8db79 user=c11efc78-2802-413f-b815-948c96c079a1
[a73dcf1b-0a32-41fd-aa31-02268cbe4133] GET /api/v1/dashboard/overview -> 200 1288ms tenant=9e417b55-663f-4ee0-ba39-2a64c1a8db79 user=c11efc78-2802-413f-b815-948c96c079a1
[ef7c9297-0b16-4085-8b8f-1c5721fceef3] GET /api/v1/dashboard/alerts?page=1&limit=8 -> 200 1303ms tenant=9e417b55-663f-4ee0-ba39-2a64c1a8db79 user=c11efc78-2802-413f-b815-948c96c079a1
[06937124-0bf3-4882-b9c1-57cea811d3d4] GET /api/v1/inspections?page=1&limit=8 -> 200 1365ms tenant=9e417b55-663f-4ee0-ba39-2a64c1a8db79 user=c11efc78-2802-413f-b815-948c96c079a1
[3e11ba0f-38d0-4b68-924b-62c5f40831e8] OPTIONS /api/v1/dashboard/alerts?page=1&limit=12 -> 204 1ms tenant=platform user=anonymous
[25302452-2480-484a-b56c-567107847104] OPTIONS /api/v1/inspections?page=1&limit=12 -> 204 0ms tenant=platform user=anonymous
[7b9fec51-2cb9-4595-87e5-90f21ef9a588] OPTIONS /api/v1/tasks?page=1&limit=12 -> 204 0ms tenant=platform user=anonymous
[56a0a7cc-2813-476f-9746-3913d60500e4] OPTIONS /api/v1/dashboard/workforce -> 204 0ms tenant=platform user=anonymous
[45523e7a-043b-4b4d-9f48-aed187c0d86e] OPTIONS /api/v1/tasks?page=1&limit=12 -> 204 2ms tenant=platform user=anonymous
[e7bd5794-6301-44c8-920d-74c0e0b863f7] OPTIONS /api/v1/dashboard/workforce -> 204 0ms tenant=platform user=anonymous
[4b043396-610c-4402-9eb3-16c6ab5a7e7d] GET /api/v1/tasks?page=1&limit=12 -> 200 642ms tenant=9e417b55-663f-4ee0-ba39-2a64c1a8db79 user=c11efc78-2802-413f-b815-948c96c079a1
[d353fc31-a624-4bb1-aea7-461377881557] GET /api/v1/tasks?page=1&limit=12 -> 200 333ms tenant=9e417b55-663f-4ee0-ba39-2a64c1a8db79 user=c11efc78-2802-413f-b815-948c96c079a1
[48458b9d-accf-4db7-88c0-f3bab80af53d] GET /api/v1/inspections?page=1&limit=12 -> 200 1023ms tenant=9e417b55-663f-4ee0-ba39-2a64c1a8db79 user=c11efc78-2802-413f-b815-948c96c079a1
[2484ea71-4e98-4c54-a027-ae22da61d24b] GET /api/v1/dashboard/alerts?page=1&limit=12 -> 200 2986ms tenant=9e417b55-663f-4ee0-ba39-2a64c1a8db79 user=c11efc78-2802-413f-b815-948c96c079a1
[e050668e-7ee9-43d9-87c2-3452bee5a487] GET /api/v1/inspections?page=1&limit=12 -> 200 4635ms tenant=9e417b55-663f-4ee0-ba39-2a64c1a8db79 user=c11efc78-2802-413f-b815-948c96c079a1
[9dbd3614-b438-4b42-b6cd-58f1c5a5e8a1] GET /api/v1/dashboard/alerts?page=1&limit=12 -> 200 2873ms tenant=9e417b55-663f-4ee0-ba39-2a64c1a8db79 user=c11efc78-2802-413f-b815-948c96c079a1
[691bbb97-70a1-4546-bd1d-76b0196bb441] GET /api/v1/dashboard/workforce -> 200 6066ms tenant=9e417b55-663f-4ee0-ba39-2a64c1a8db79 user=c11efc78-2802-413f-b815-948c96c079a1
[4da5f121-2661-4df4-b4ba-779e039ee894] GET /api/v1/dashboard/workforce -> 200 1352ms tenant=9e417b55-663f-4ee0-ba39-2a64c1a8db79 user=c11efc78-2802-413f-b815-948c96c079a1
[28767381-1fc6-467e-99d0-c1d5c79ac88f] OPTIONS /api/v1/sensors?page=1&limit=150 -> 204 1ms tenant=platform user=anonymous
[ab96d286-5b81-40c7-bb24-1de232e9ff8f] GET /api/v1/sensors?page=1&limit=150 -> 200 582ms tenant=9e417b55-663f-4ee0-ba39-2a64c1a8db79 user=c11efc78-2802-413f-b815-948c96c079a1
[43e88a20-c38e-4902-9947-dc4eb2e9e1c2] GET /api/v1/sensors?page=1&limit=150 -> 200 657ms tenant=9e417b55-663f-4ee0-ba39-2a64c1a8db79 user=c11efc78-2802-413f-b815-948c96c079a1
[b2dad077-1724-47e5-b996-2b66606bbc8a] OPTIONS /api/v1/inspections?page=1&limit=100 -> 204 1ms tenant=platform user=anonymous
[0f798f23-0392-4a70-ac4d-c0a3c02f2666] GET /api/v1/inspections?page=1&limit=100 -> 200 1901ms tenant=9e417b55-663f-4ee0-ba39-2a64c1a8db79 user=c11efc78-2802-413f-b815-948c96c079a1
[8f8abe72-a33f-46e6-b496-3a0182d83ff9] GET /api/v1/inspections?page=1&limit=100 -> 200 1686ms tenant=9e417b55-663f-4ee0-ba39-2a64c1a8db79 user=c11efc78-2802-413f-b815-948c96c079a1
[47a70110-87d0-4433-826c-741396719aba] OPTIONS /api/v1/inspections/ec4e0b21-bb14-438e-a8cd-d8d1fb23519d -> 204 0ms tenant=platform user=anonymous
[0cd4b716-11f6-438b-b6d6-d14dc1b26a5d] OPTIONS /api/v1/inspections/ec4e0b21-bb14-438e-a8cd-d8d1fb23519d -> 204 1ms tenant=platform user=anonymous
[1b1a7158-d5d8-49ef-8899-274388a9a115] GET /api/v1/inspections/ec4e0b21-bb14-438e-a8cd-d8d1fb23519d -> 200 1281ms tenant=9e417b55-663f-4ee0-ba39-2a64c1a8db79 user=c11efc78-2802-413f-b815-948c96c079a1
[54713655-47ed-474c-b304-00f33bc1067f] OPTIONS /api/v1/analysis/inspections/ec4e0b21-bb14-438e-a8cd-d8d1fb23519d/trend?limit=25 -> 204 0ms tenant=platform user=anonymous
[f7d1da5f-8be8-4153-980b-56f29b55761e] GET /api/v1/analysis/inspections/ec4e0b21-bb14-438e-a8cd-d8d1fb23519d/trend?limit=25 -> 200 900ms tenant=9e417b55-663f-4ee0-ba39-2a64c1a8db79 user=c11efc78-2802-413f-b815-948c96c079a1
[76254fd0-6d24-4910-81cd-ed86c147607e] OPTIONS /api/v1/inspections/ec4e0b21-bb14-438e-a8cd-d8d1fb23519d/comparison -> 204 1ms tenant=platform user=anonymous
[a318aec0-1bb7-4137-bfae-45be49c9622d] GET /api/v1/inspections/ec4e0b21-bb14-438e-a8cd-d8d1fb23519d/comparison -> 200 485ms tenant=9e417b55-663f-4ee0-ba39-2a64c1a8db79 user=c11efc78-2802-413f-b815-948c96c079a1
[84faa29e-ffb3-4a61-9e6d-1a8be45daa77] GET /api/v1/inspections/ec4e0b21-bb14-438e-a8cd-d8d1fb23519d -> 200 1494ms tenant=9e417b55-663f-4ee0-ba39-2a64c1a8db79 user=c11efc78-2802-413f-b815-948c96c079a1
[40a36118-a5a6-4e44-94bc-8684c22afe1c] GET /static/sanitation/9e417b55-663f-4ee0-ba39-2a64c1a8db79/inspections/ec4e0b21-bb14-438e-a8cd-d8d1fb23519d/inspection-1774884006771-826201585.jpg -> 200 95ms tenant=platform user=anonymous
[4221001b-c44d-44e0-b27c-0d16f7209285] GET /static/sanitation/9e417b55-663f-4ee0-ba39-2a64c1a8db79/inspections/ec4e0b21-bb14-438e-a8cd-d8d1fb23519d/inspection-1774884009311-743782098.jpg -> 200 99ms tenant=platform user=anonymous
[a5f09783-393a-4221-b9e4-a64aa2212a9e] GET /static/sanitation/9e417b55-663f-4ee0-ba39-2a64c1a8db79/inspections/ec4e0b21-bb14-438e-a8cd-d8d1fb23519d/inspection-1774884003614-415220623.jpg -> 200 115ms tenant=platform user=anonymous
[2aa3f6e6-97e1-43fc-a9c4-2a4ad6202291] GET /static/sanitation/9e417b55-663f-4ee0-ba39-2a64c1a8db79/inspections/ec4e0b21-bb14-438e-a8cd-d8d1fb23519d/inspection-1774884006730-768427031.jpg -> 200 101ms tenant=platform user=anonymous
[de00390e-2e51-466c-9708-47341aa9eb44] GET /static/sanitation/9e417b55-663f-4ee0-ba39-2a64c1a8db79/inspections/ec4e0b21-bb14-438e-a8cd-d8d1fb23519d/inspection-1774884009404-544663674.jpg -> 200 121ms tenant=platform user=anonymous
[c401e069-c591-4f5a-bfef-fbb685d707a7] GET /api/v1/analysis/inspections/ec4e0b21-bb14-438e-a8cd-d8d1fb23519d/trend?limit=25 -> 200 733ms tenant=9e417b55-663f-4ee0-ba39-2a64c1a8db79 user=c11efc78-2802-413f-b815-948c96c079a1
[933ffaaf-e8a3-40ff-89dc-e1526bac82c7] GET /api/v1/inspections/ec4e0b21-bb14-438e-a8cd-d8d1fb23519d/comparison -> 200 367ms tenant=9e417b55-663f-4ee0-ba39-2a64c1a8db79 user=c11efc78-2802-413f-b815-948c96c079a1
[bfb8a7db-4e3b-4cfb-af5b-38f7d6799708] OPTIONS /api/v1/inspections/ec4e0b21-bb14-438e-a8cd-d8d1fb23519d/review -> 204 0ms tenant=platform user=anonymous
[b7670792-0925-4914-999f-553f5afc790f] OPTIONS /api/v1/inspections/ec4e0b21-bb14-438e-a8cd-d8d1fb23519d -> 204 1ms tenant=platform user=anonymous
[a3fb4084-f6de-4907-82c9-baadcba9a6d8] OPTIONS /api/v1/inspections/ec4e0b21-bb14-438e-a8cd-d8d1fb23519d/comparison -> 204 0ms tenant=platform user=anonymous
[c09fe26a-da4d-487e-8fc1-60e2cfd122f7] GET /api/v1/inspections/ec4e0b21-bb14-438e-a8cd-d8d1fb23519d/comparison -> 200 560ms tenant=9e417b55-663f-4ee0-ba39-2a64c1a8db79 user=c11efc78-2802-413f-b815-948c96c079a1
[9f914e78-4d50-400e-bdec-c21f99ee2387] GET /api/v1/inspections/ec4e0b21-bb14-438e-a8cd-d8d1fb23519d -> 200 1030ms tenant=9e417b55-663f-4ee0-ba39-2a64c1a8db79 user=c11efc78-2802-413f-b815-948c96c079a1
[e1ec46bc-817d-44c5-b928-1285acc58377] PATCH /api/v1/inspections/ec4e0b21-bb14-438e-a8cd-d8d1fb23519d/review -> 200 3845ms tenant=9e417b55-663f-4ee0-ba39-2a64c1a8db79 user=c11efc78-2802-413f-b815-948c96c079a1
[60f07f6d-8370-4308-8cee-d0ddf716adc5] OPTIONS /api/v1/analysis/inspections/ec4e0b21-bb14-438e-a8cd-d8d1fb23519d/trend?limit=25 -> 204 0ms tenant=platform user=anonymous
